// Jest Snapshot v1, https://goo.gl/fbAQLP

exports[`App should render the Title Component correctly 1`] = `
<div
  className="container"
>
  <Row
    gutter={0}
    justify="center-around"
  >
    <SearchForm
      handleSearch={[Function]}
    />
    <Showfilms
      genre=""
      handleSearch={[Function]}
      isSearch={false}
      searchValue=""
    />
  </Row>
</div>
`;
